
> smriti-care-phase1@1.0.0 test
> vitest run


[1m[7m[36m RUN [39m[27m[22m [36mv2.1.9 [39m[90mC:/Users/owner/Desktop/SIH[39m

 [32m✓[39m src/services/adaptive/adaptiveEngine.test.ts [2m([22m[2m22 tests[22m[2m)[22m[90m 16[2mms[22m[39m

[2m Test Files [22m [1m[32m1 passed[39m[22m[90m (1)[39m
[2m      Tests [22m [1m[32m22 passed[39m[22m[90m (22)[39m
[2m   Start at [22m 02:20:43
[2m   Duration [22m 3.19s[2m (transform 129ms, setup 0ms, collect 169ms, tests 16ms, environment 0ms, prepare 1.59s)[22m

